// Vitest Snapshot v1, https://vitest.dev/guide/snapshot.html

exports[`Simple Component > matches snapshot 1`] = `
<div>
  <div
    data-testid="simple-component"
  >
    Test
  </div>
</div>
`;
